// Vitest Snapshot v1, https://vitest.dev/guide/snapshot.html

exports[`P1-13c UBL-TR 1.2 e-Arşiv üretici > yapısal snapshot (deterministik çıktı) 1`] = `
"<?xml version="1.0" encoding="UTF-8"?>
<Invoice xmlns="urn:oasis:names:specification:ubl:schema:xsd:Invoice-2" xmlns:cac="urn:oasis:names:specification:ubl:schema:xsd:CommonAggregateComponents-2" xmlns:cbc="urn:oasis:names:specification:ubl:schema:xsd:CommonBasicComponents-2" xmlns:ext="urn:oasis:names:specification:ubl:schema:xsd:CommonExtensionComponents-2" xmlns:ds="http://www.w3.org/2000/09/xmldsig#" xmlns:xades="http://uri.etsi.org/01903/v1.3.2#" xmlns:xsi="http://www.w3.org/2001/XMLSchema-instance" xsi:schemaLocation="urn:oasis:names:specification:ubl:schema:xsd:Invoice-2 UBL-Invoice-2.1.xsd">
  <ext:UBLExtensions>
    <ext:UBLExtension>
      <ext:ExtensionContent/>
    </ext:UBLExtension>
  </ext:UBLExtensions>
  <cbc:UBLVersionID>2.1</cbc:UBLVersionID>
  <cbc:CustomizationID>TR1.2</cbc:CustomizationID>
  <cbc:ProfileID>EARSIVFATURA</cbc:ProfileID>
  <cbc:ID>BKG2026000000042</cbc:ID>
  <cbc:CopyIndicator>false</cbc:CopyIndicator>
  <cbc:UUID>3F2B8C1E-5D4A-4B6F-9A7E-1C2D3E4F5A6B</cbc:UUID>
  <cbc:IssueDate>2026-06-15</cbc:IssueDate>
  <cbc:IssueTime>14:30:00</cbc:IssueTime>
  <cbc:InvoiceTypeCode>SATIS</cbc:InvoiceTypeCode>
  <cbc:Note>Yalnız üç bin altı yüz altı TL on kuruştur.</cbc:Note>
  <cbc:DocumentCurrencyCode>TRY</cbc:DocumentCurrencyCode>
  <cbc:LineCountNumeric>2</cbc:LineCountNumeric>
  <cac:AdditionalDocumentReference>
    <cbc:ID>ELEKTRONIK</cbc:ID>
    <cbc:IssueDate>2026-06-15</cbc:IssueDate>
    <cbc:DocumentType>GONDERIM_SEKLI</cbc:DocumentType>
  </cac:AdditionalDocumentReference>
  <cac:AdditionalDocumentReference>
    <cbc:ID>https://booking.demo.test</cbc:ID>
    <cbc:IssueDate>2026-06-15</cbc:IssueDate>
    <cbc:DocumentType>INTERNET_SATIS_WEB_ADRESI</cbc:DocumentType>
  </cac:AdditionalDocumentReference>
  <cac:AdditionalDocumentReference>
    <cbc:ID>KREDIKARTI/BANKAKARTI</cbc:ID>
    <cbc:IssueDate>2026-06-15</cbc:IssueDate>
    <cbc:DocumentType>INTERNET_SATIS_ODEME_SEKLI</cbc:DocumentType>
  </cac:AdditionalDocumentReference>
  <cac:AdditionalDocumentReference>
    <cbc:ID>2026-06-15</cbc:ID>
    <cbc:IssueDate>2026-06-15</cbc:IssueDate>
    <cbc:DocumentType>INTERNET_SATIS_ODEME_TARIHI</cbc:DocumentType>
  </cac:AdditionalDocumentReference>
  <cac:Signature>
    <cbc:ID schemeID="VKN_TCKN">1234567890</cbc:ID>
    <cac:SignatoryParty>
      <cac:PartyIdentification>
        <cbc:ID schemeID="VKN">1234567890</cbc:ID>
      </cac:PartyIdentification>
    </cac:SignatoryParty>
    <cac:DigitalSignatureAttachment>
      <cac:ExternalReference>
        <cbc:URI>#Signature_BKG2026000000042</cbc:URI>
      </cac:ExternalReference>
    </cac:DigitalSignatureAttachment>
  </cac:Signature>
  <cac:AccountingSupplierParty>
    <cac:Party>
      <cac:PartyIdentification>
        <cbc:ID schemeID="VKN">1234567890</cbc:ID>
      </cac:PartyIdentification>
      <cac:PartyName>
        <cbc:Name>Demo Konaklama A.Ş.</cbc:Name>
      </cac:PartyName>
      <cac:PostalAddress>
        <cbc:StreetName>Moda Cad. No:1</cbc:StreetName>
        <cbc:CitySubdivisionName>Kadıköy</cbc:CitySubdivisionName>
        <cbc:CityName>İstanbul</cbc:CityName>
        <cbc:PostalZone>34710</cbc:PostalZone>
        <cac:Country>
          <cbc:Name>Türkiye</cbc:Name>
        </cac:Country>
      </cac:PostalAddress>
      <cac:PartyTaxScheme>
        <cac:TaxScheme>
          <cbc:Name>Kadıköy</cbc:Name>
        </cac:TaxScheme>
      </cac:PartyTaxScheme>
      <cac:Contact>
        <cbc:ElectronicMail>fatura@demo.test</cbc:ElectronicMail>
      </cac:Contact>
    </cac:Party>
  </cac:AccountingSupplierParty>
  <cac:AccountingCustomerParty>
    <cac:Party>
      <cac:PartyIdentification>
        <cbc:ID schemeID="TCKN">11111111111</cbc:ID>
      </cac:PartyIdentification>
      <cac:PostalAddress>
        <cbc:CitySubdivisionName>Ankara</cbc:CitySubdivisionName>
        <cbc:CityName>Ankara</cbc:CityName>
        <cac:Country>
          <cbc:Name>Türkiye</cbc:Name>
        </cac:Country>
      </cac:PostalAddress>
      <cac:Person>
        <cbc:FirstName>Ayşe</cbc:FirstName>
        <cbc:FamilyName>Yılmaz &amp; Co &lt;test&gt;</cbc:FamilyName>
      </cac:Person>
    </cac:Party>
  </cac:AccountingCustomerParty>
  <cac:TaxTotal>
    <cbc:TaxAmount currencyID="TRY">355.10</cbc:TaxAmount>
    <cac:TaxSubtotal>
      <cbc:TaxableAmount currencyID="TRY">3251.00</cbc:TaxableAmount>
      <cbc:TaxAmount currencyID="TRY">325.10</cbc:TaxAmount>
      <cbc:Percent>10</cbc:Percent>
      <cac:TaxCategory>
        <cac:TaxScheme>
          <cbc:Name>KDV</cbc:Name>
          <cbc:TaxTypeCode>0015</cbc:TaxTypeCode>
        </cac:TaxScheme>
      </cac:TaxCategory>
    </cac:TaxSubtotal>
    <cac:TaxSubtotal>
      <cbc:TaxableAmount currencyID="TRY">3000.00</cbc:TaxableAmount>
      <cbc:TaxAmount currencyID="TRY">30.00</cbc:TaxAmount>
      <cbc:Percent>1</cbc:Percent>
      <cac:TaxCategory>
        <cac:TaxScheme>
          <cbc:Name>KONAKLAMA VERGİSİ</cbc:Name>
          <cbc:TaxTypeCode>0059</cbc:TaxTypeCode>
        </cac:TaxScheme>
      </cac:TaxCategory>
    </cac:TaxSubtotal>
  </cac:TaxTotal>
  <cac:LegalMonetaryTotal>
    <cbc:LineExtensionAmount currencyID="TRY">3251.00</cbc:LineExtensionAmount>
    <cbc:TaxExclusiveAmount currencyID="TRY">3251.00</cbc:TaxExclusiveAmount>
    <cbc:TaxInclusiveAmount currencyID="TRY">3606.10</cbc:TaxInclusiveAmount>
    <cbc:AllowanceTotalAmount currencyID="TRY">0.00</cbc:AllowanceTotalAmount>
    <cbc:PayableAmount currencyID="TRY">3606.10</cbc:PayableAmount>
  </cac:LegalMonetaryTotal>
  <cac:InvoiceLine>
    <cbc:ID>1</cbc:ID>
    <cbc:InvoicedQuantity unitCode="DAY">3</cbc:InvoicedQuantity>
    <cbc:LineExtensionAmount currencyID="TRY">3000.00</cbc:LineExtensionAmount>
    <cac:TaxTotal>
      <cbc:TaxAmount currencyID="TRY">330.00</cbc:TaxAmount>
      <cac:TaxSubtotal>
        <cbc:TaxableAmount currencyID="TRY">3000.00</cbc:TaxableAmount>
        <cbc:TaxAmount currencyID="TRY">300.00</cbc:TaxAmount>
        <cbc:Percent>10</cbc:Percent>
        <cac:TaxCategory>
          <cac:TaxScheme>
            <cbc:Name>KDV</cbc:Name>
            <cbc:TaxTypeCode>0015</cbc:TaxTypeCode>
          </cac:TaxScheme>
        </cac:TaxCategory>
      </cac:TaxSubtotal>
      <cac:TaxSubtotal>
        <cbc:TaxableAmount currencyID="TRY">3000.00</cbc:TaxableAmount>
        <cbc:TaxAmount currencyID="TRY">30.00</cbc:TaxAmount>
        <cbc:Percent>1</cbc:Percent>
        <cac:TaxCategory>
          <cac:TaxScheme>
            <cbc:Name>KONAKLAMA VERGİSİ</cbc:Name>
            <cbc:TaxTypeCode>0059</cbc:TaxTypeCode>
          </cac:TaxScheme>
        </cac:TaxCategory>
      </cac:TaxSubtotal>
    </cac:TaxTotal>
    <cac:Item>
      <cbc:Description>2026-06-15 → 2026-06-18</cbc:Description>
      <cbc:Name>Konaklama — Deniz manzaralı oda</cbc:Name>
    </cac:Item>
    <cac:Price>
      <cbc:PriceAmount currencyID="TRY">1000.00</cbc:PriceAmount>
    </cac:Price>
  </cac:InvoiceLine>
  <cac:InvoiceLine>
    <cbc:ID>2</cbc:ID>
    <cbc:InvoicedQuantity unitCode="C62">2</cbc:InvoicedQuantity>
    <cbc:LineExtensionAmount currencyID="TRY">251.00</cbc:LineExtensionAmount>
    <cac:TaxTotal>
      <cbc:TaxAmount currencyID="TRY">25.10</cbc:TaxAmount>
      <cac:TaxSubtotal>
        <cbc:TaxableAmount currencyID="TRY">251.00</cbc:TaxableAmount>
        <cbc:TaxAmount currencyID="TRY">25.10</cbc:TaxAmount>
        <cbc:Percent>10</cbc:Percent>
        <cac:TaxCategory>
          <cac:TaxScheme>
            <cbc:Name>KDV</cbc:Name>
            <cbc:TaxTypeCode>0015</cbc:TaxTypeCode>
          </cac:TaxScheme>
        </cac:TaxCategory>
      </cac:TaxSubtotal>
    </cac:TaxTotal>
    <cac:Item>
      <cbc:Name>Kahvaltı</cbc:Name>
    </cac:Item>
    <cac:Price>
      <cbc:PriceAmount currencyID="TRY">125.50</cbc:PriceAmount>
    </cac:Price>
  </cac:InvoiceLine>
</Invoice>
"
`;
